============================= test session starts ==============================
platform linux -- Python 3.12.4, pytest-8.2.1, pluggy-1.5.0
rootdir: /build
plugins: asyncio-0.23.7, cov-5.0.0, randomly-3.15.0
Using --randomly-seed=1904772331
collected 412 items

tests/test_ledger.py .................                                   [  4%]
tests/test_scheduler.py ......F..........                                [ 12%]
tests/test_reconcile.py ................................                 [ 45%]
tests/test_api.py .....................................................  [100%]

=================================== FAILURES ===================================
______________________ test_debounce_collapses_bursts __________________________

    def test_debounce_collapses_bursts():
        emitter = Emitter(window_ms=50)
        for _ in range(5):
            emitter.push("tick")
        time.sleep(0.06)
>       assert emitter.flushed == ["tick"]
E       AssertionError: assert [] == ['tick']
E         Right contains one more item: 'tick'

tests/test_scheduler.py:88: AssertionError
=========================== short test summary info ============================
FAILED tests/test_scheduler.py::test_debounce_collapses_bursts
1 failed, 411 passed in 38.42s

NOTE: this test also failed on builds 4791 and 4802 and passed on retry both times.
